===================================================
Tests for text_indentation in 5-text_indentation.py
===================================================

:param text: str
:return: None

>>> text_indentation = __import__('5-text_indentation').text_indentation

>>> text_indentation("some text.")
some text.

>>> text_indentation("What is this?")
What is this?

>>> text_indentation(5)
Traceback (most recent call last):
TypeError: text must be a string

>>> text_indentation()
Traceback (most recent call last):
TypeError: text_indentation() missing 1 required positional argument: 'text'

